// Jest Snapshot v1, https://goo.gl/fbAQLP

exports[`constants should not be changed 1`] = `
Object {
  "FUNCTION_KEY": "@@redux-tools/injectors/FUNCTION_KEY",
  "__esModule": true,
}
`;
